// Jest Snapshot v1, https://goo.gl/fbAQLP

exports[`blockquote component should match a shapshopt 1`] = `[Function]`;
